{
	"admin_server": {
		"listen_url": "0.0.0.0:3333",
		"use_tls": true,
		"cert_path": "admin.crt",
		"key_path": "admin.key"
	},
	"phish_server": {
		"listen_url": "0.0.0.0:80",
		"use_tls": false
	},
	"db_name": "sqlite3",
	"db_path": "gophish.db",
	"migrations_prefix": "db/db_",
	"contact_address": "phising@example.tld"
}