{
	"admin_server": {
		"listen_url": "0.0.0.0:3333",
		"use_tls": false
	},
	"phish_server": {
		"listen_url": "0.0.0.0:80",
		"use_tls": false
	},
	"db_name": "mysql",
	"db_path": "root:passme@tcp(db:12345)/gophish?charset=utf8&parseTime=True&loc=Local",
	"migrations_prefix": "db/db_",
	"contact_address": "phising@example.tld"
}